26 | 42 | 0 | 
16 | 48 | 0 | 
28 | 12 | 0 | 
